[2025-05-08T11:55:46.416+0000] {local_task_job_runner.py:123} INFO - ::group::Pre task execution logs
[2025-05-08T11:55:46.430+0000] {taskinstance.py:2612} INFO - Dependencies all met for dep_context=non-requeueable deps ti=<TaskInstance: extract_raw_data_pipeline.run_dbt_staging manual__2025-05-08T11:55:40.867145+00:00 [queued]>
[2025-05-08T11:55:46.438+0000] {taskinstance.py:2612} INFO - Dependencies all met for dep_context=requeueable deps ti=<TaskInstance: extract_raw_data_pipeline.run_dbt_staging manual__2025-05-08T11:55:40.867145+00:00 [queued]>
[2025-05-08T11:55:46.438+0000] {taskinstance.py:2865} INFO - Starting attempt 1 of 1
[2025-05-08T11:55:46.451+0000] {taskinstance.py:2888} INFO - Executing <Task(BashOperator): run_dbt_staging> on 2025-05-08 11:55:40.867145+00:00
[2025-05-08T11:55:46.457+0000] {warnings.py:112} WARNING - /home/***/.local/lib/python3.12/site-packages/***/task/task_runner/standard_task_runner.py:70: DeprecationWarning: This process (pid=284) is multi-threaded, use of fork() may lead to deadlocks in the child.
  pid = os.fork()

[2025-05-08T11:55:46.458+0000] {standard_task_runner.py:72} INFO - Started process 292 to run task
[2025-05-08T11:55:46.459+0000] {standard_task_runner.py:104} INFO - Running: ['***', 'tasks', 'run', 'extract_raw_data_pipeline', 'run_dbt_staging', 'manual__2025-05-08T11:55:40.867145+00:00', '--job-id', '11', '--raw', '--subdir', 'DAGS_FOLDER/driven_data_pipline.py', '--cfg-path', '/tmp/tmp7wsuwbb4']
[2025-05-08T11:55:46.460+0000] {standard_task_runner.py:105} INFO - Job 11: Subtask run_dbt_staging
[2025-05-08T11:55:46.498+0000] {task_command.py:467} INFO - Running <TaskInstance: extract_raw_data_pipeline.run_dbt_staging manual__2025-05-08T11:55:40.867145+00:00 [running]> on host 13d63978cb42
[2025-05-08T11:55:46.560+0000] {taskinstance.py:3131} INFO - Exporting env vars: AIRFLOW_CTX_DAG_OWNER='***' AIRFLOW_CTX_DAG_ID='extract_raw_data_pipeline' AIRFLOW_CTX_TASK_ID='run_dbt_staging' AIRFLOW_CTX_EXECUTION_DATE='2025-05-08T11:55:40.867145+00:00' AIRFLOW_CTX_TRY_NUMBER='1' AIRFLOW_CTX_DAG_RUN_ID='manual__2025-05-08T11:55:40.867145+00:00'
[2025-05-08T11:55:46.561+0000] {taskinstance.py:731} INFO - ::endgroup::
[2025-05-08T11:55:46.572+0000] {subprocess.py:63} INFO - Tmp dir root location: /tmp
[2025-05-08T11:55:46.573+0000] {subprocess.py:75} INFO - Running command: ['/usr/bin/bash', '-c', 'set -x; cd /opt/***/dbt && dbt run --select tag:staging']
[2025-05-08T11:55:46.586+0000] {subprocess.py:86} INFO - Output:
[2025-05-08T11:55:46.596+0000] {subprocess.py:93} INFO - + cd /opt/***/dbt
[2025-05-08T11:55:46.596+0000] {subprocess.py:93} INFO - + dbt run --select tag:staging
[2025-05-08T11:55:48.932+0000] {subprocess.py:93} INFO - [0m11:55:48  Running with dbt=1.8.0
[2025-05-08T11:55:49.232+0000] {subprocess.py:93} INFO - [0m11:55:49  Registered adapter: postgres=1.8.2
[2025-05-08T11:55:49.645+0000] {subprocess.py:93} INFO - [0m11:55:49  Found 9 models, 10 sources, 428 macros
[2025-05-08T11:55:49.650+0000] {subprocess.py:93} INFO - [0m11:55:49
[2025-05-08T11:55:49.800+0000] {subprocess.py:93} INFO - [0m11:55:49  Concurrency: 1 threads (target='dev')
[2025-05-08T11:55:49.801+0000] {subprocess.py:93} INFO - [0m11:55:49
[2025-05-08T11:55:49.811+0000] {subprocess.py:93} INFO - [0m11:55:49  1 of 5 START sql table model driven_staging.dim_address ........................ [RUN]
[2025-05-08T11:55:49.934+0000] {subprocess.py:93} INFO - [0m11:55:49  1 of 5 OK created sql table model driven_staging.dim_address ................... [[32mSELECT 250[0m in 0.12s]
[2025-05-08T11:55:49.936+0000] {subprocess.py:93} INFO - [0m11:55:49  2 of 5 START sql table model driven_staging.dim_date ........................... [RUN]
[2025-05-08T11:55:49.987+0000] {subprocess.py:93} INFO - [0m11:55:49  2 of 5 OK created sql table model driven_staging.dim_date ...................... [[32mSELECT 250[0m in 0.05s]
[2025-05-08T11:55:49.990+0000] {subprocess.py:93} INFO - [0m11:55:49  3 of 5 START sql table model driven_staging.dim_finance ........................ [RUN]
[2025-05-08T11:55:50.043+0000] {subprocess.py:93} INFO - [0m11:55:50  3 of 5 OK created sql table model driven_staging.dim_finance ................... [[32mSELECT 250[0m in 0.05s]
[2025-05-08T11:55:50.045+0000] {subprocess.py:93} INFO - [0m11:55:50  4 of 5 START sql table model driven_staging.dim_person ......................... [RUN]
[2025-05-08T11:55:50.098+0000] {subprocess.py:93} INFO - [0m11:55:50  4 of 5 OK created sql table model driven_staging.dim_person .................... [[32mSELECT 250[0m in 0.05s]
[2025-05-08T11:55:50.100+0000] {subprocess.py:93} INFO - [0m11:55:50  5 of 5 START sql table model driven_staging.fact_network_usage ................. [RUN]
[2025-05-08T11:55:50.150+0000] {subprocess.py:93} INFO - [0m11:55:50  5 of 5 OK created sql table model driven_staging.fact_network_usage ............ [[32mSELECT 250[0m in 0.05s]
[2025-05-08T11:55:50.164+0000] {subprocess.py:93} INFO - [0m11:55:50
[2025-05-08T11:55:50.164+0000] {subprocess.py:93} INFO - [0m11:55:50  Finished running 5 table models in 0 hours 0 minutes and 0.51 seconds (0.51s).
[2025-05-08T11:55:50.209+0000] {subprocess.py:93} INFO - [0m11:55:50
[2025-05-08T11:55:50.209+0000] {subprocess.py:93} INFO - [0m11:55:50  [32mCompleted successfully[0m
[2025-05-08T11:55:50.210+0000] {subprocess.py:93} INFO - [0m11:55:50
[2025-05-08T11:55:50.211+0000] {subprocess.py:93} INFO - [0m11:55:50  Done. PASS=5 WARN=0 ERROR=0 SKIP=0 TOTAL=5
[2025-05-08T11:55:51.098+0000] {subprocess.py:97} INFO - Command exited with return code 0
[2025-05-08T11:55:51.126+0000] {taskinstance.py:340} INFO - ::group::Post task execution logs
[2025-05-08T11:55:51.127+0000] {taskinstance.py:352} INFO - Marking task as SUCCESS. dag_id=extract_raw_data_pipeline, task_id=run_dbt_staging, run_id=manual__2025-05-08T11:55:40.867145+00:00, execution_date=20250508T115540, start_date=20250508T115546, end_date=20250508T115551
[2025-05-08T11:55:51.173+0000] {local_task_job_runner.py:266} INFO - Task exited with return code 0
[2025-05-08T11:55:51.191+0000] {taskinstance.py:3900} INFO - 1 downstream tasks scheduled from follow-on schedule check
[2025-05-08T11:55:51.194+0000] {local_task_job_runner.py:245} INFO - ::endgroup::
