[2025-05-08T11:55:52.549+0000] {local_task_job_runner.py:123} INFO - ::group::Pre task execution logs
[2025-05-08T11:55:52.566+0000] {taskinstance.py:2612} INFO - Dependencies all met for dep_context=non-requeueable deps ti=<TaskInstance: extract_raw_data_pipeline.run_dbt_trusted manual__2025-05-08T11:55:40.867145+00:00 [queued]>
[2025-05-08T11:55:52.575+0000] {taskinstance.py:2612} INFO - Dependencies all met for dep_context=requeueable deps ti=<TaskInstance: extract_raw_data_pipeline.run_dbt_trusted manual__2025-05-08T11:55:40.867145+00:00 [queued]>
[2025-05-08T11:55:52.575+0000] {taskinstance.py:2865} INFO - Starting attempt 1 of 1
[2025-05-08T11:55:52.589+0000] {taskinstance.py:2888} INFO - Executing <Task(BashOperator): run_dbt_trusted> on 2025-05-08 11:55:40.867145+00:00
[2025-05-08T11:55:52.596+0000] {warnings.py:112} WARNING - /home/***/.local/lib/python3.12/site-packages/***/task/task_runner/standard_task_runner.py:70: DeprecationWarning: This process (pid=304) is multi-threaded, use of fork() may lead to deadlocks in the child.
  pid = os.fork()

[2025-05-08T11:55:52.598+0000] {standard_task_runner.py:72} INFO - Started process 319 to run task
[2025-05-08T11:55:52.599+0000] {standard_task_runner.py:104} INFO - Running: ['***', 'tasks', 'run', 'extract_raw_data_pipeline', 'run_dbt_trusted', 'manual__2025-05-08T11:55:40.867145+00:00', '--job-id', '12', '--raw', '--subdir', 'DAGS_FOLDER/driven_data_pipline.py', '--cfg-path', '/tmp/tmpbzeup7tu']
[2025-05-08T11:55:52.600+0000] {standard_task_runner.py:105} INFO - Job 12: Subtask run_dbt_trusted
[2025-05-08T11:55:52.641+0000] {task_command.py:467} INFO - Running <TaskInstance: extract_raw_data_pipeline.run_dbt_trusted manual__2025-05-08T11:55:40.867145+00:00 [running]> on host 13d63978cb42
[2025-05-08T11:55:52.705+0000] {taskinstance.py:3131} INFO - Exporting env vars: AIRFLOW_CTX_DAG_OWNER='***' AIRFLOW_CTX_DAG_ID='extract_raw_data_pipeline' AIRFLOW_CTX_TASK_ID='run_dbt_trusted' AIRFLOW_CTX_EXECUTION_DATE='2025-05-08T11:55:40.867145+00:00' AIRFLOW_CTX_TRY_NUMBER='1' AIRFLOW_CTX_DAG_RUN_ID='manual__2025-05-08T11:55:40.867145+00:00'
[2025-05-08T11:55:52.706+0000] {taskinstance.py:731} INFO - ::endgroup::
[2025-05-08T11:55:52.717+0000] {subprocess.py:63} INFO - Tmp dir root location: /tmp
[2025-05-08T11:55:52.718+0000] {subprocess.py:75} INFO - Running command: ['/usr/bin/bash', '-c', 'set -x; cd /opt/***/dbt && dbt run --select tag:trusted']
[2025-05-08T11:55:52.727+0000] {subprocess.py:86} INFO - Output:
[2025-05-08T11:55:52.729+0000] {subprocess.py:93} INFO - + cd /opt/***/dbt
[2025-05-08T11:55:52.729+0000] {subprocess.py:93} INFO - + dbt run --select tag:trusted
[2025-05-08T11:55:54.753+0000] {subprocess.py:93} INFO - [0m11:55:54  Running with dbt=1.8.0
[2025-05-08T11:55:54.988+0000] {subprocess.py:93} INFO - [0m11:55:54  Registered adapter: postgres=1.8.2
[2025-05-08T11:55:55.350+0000] {subprocess.py:93} INFO - [0m11:55:55  Found 9 models, 10 sources, 428 macros
[2025-05-08T11:55:55.355+0000] {subprocess.py:93} INFO - [0m11:55:55
[2025-05-08T11:55:55.486+0000] {subprocess.py:93} INFO - [0m11:55:55  Concurrency: 1 threads (target='dev')
[2025-05-08T11:55:55.486+0000] {subprocess.py:93} INFO - [0m11:55:55
[2025-05-08T11:55:55.497+0000] {subprocess.py:93} INFO - [0m11:55:55  1 of 4 START sql table model driven_trusted.non_pii_data ....................... [RUN]
[2025-05-08T11:55:55.626+0000] {subprocess.py:93} INFO - [0m11:55:55  1 of 4 OK created sql table model driven_trusted.non_pii_data .................. [[32mSELECT 250[0m in 0.13s]
[2025-05-08T11:55:55.628+0000] {subprocess.py:93} INFO - [0m11:55:55  2 of 4 START sql table model driven_trusted.payment_data ....................... [RUN]
[2025-05-08T11:55:55.688+0000] {subprocess.py:93} INFO - [0m11:55:55  2 of 4 OK created sql table model driven_trusted.payment_data .................. [[32mSELECT 250[0m in 0.06s]
[2025-05-08T11:55:55.690+0000] {subprocess.py:93} INFO - [0m11:55:55  3 of 4 START sql table model driven_trusted.pii_data ........................... [RUN]
[2025-05-08T11:55:55.752+0000] {subprocess.py:93} INFO - [0m11:55:55  3 of 4 OK created sql table model driven_trusted.pii_data ...................... [[32mSELECT 250[0m in 0.06s]
[2025-05-08T11:55:55.754+0000] {subprocess.py:93} INFO - [0m11:55:55  4 of 4 START sql table model driven_trusted.technical_data ..................... [RUN]
[2025-05-08T11:55:55.812+0000] {subprocess.py:93} INFO - [0m11:55:55  4 of 4 OK created sql table model driven_trusted.technical_data ................ [[32mSELECT 250[0m in 0.06s]
[2025-05-08T11:55:55.824+0000] {subprocess.py:93} INFO - [0m11:55:55
[2025-05-08T11:55:55.825+0000] {subprocess.py:93} INFO - [0m11:55:55  Finished running 4 table models in 0 hours 0 minutes and 0.47 seconds (0.47s).
[2025-05-08T11:55:55.876+0000] {subprocess.py:93} INFO - [0m11:55:55
[2025-05-08T11:55:55.877+0000] {subprocess.py:93} INFO - [0m11:55:55  [32mCompleted successfully[0m
[2025-05-08T11:55:55.878+0000] {subprocess.py:93} INFO - [0m11:55:55
[2025-05-08T11:55:55.879+0000] {subprocess.py:93} INFO - [0m11:55:55  Done. PASS=4 WARN=0 ERROR=0 SKIP=0 TOTAL=4
[2025-05-08T11:55:56.697+0000] {subprocess.py:97} INFO - Command exited with return code 0
[2025-05-08T11:55:56.724+0000] {taskinstance.py:340} INFO - ::group::Post task execution logs
[2025-05-08T11:55:56.725+0000] {taskinstance.py:352} INFO - Marking task as SUCCESS. dag_id=extract_raw_data_pipeline, task_id=run_dbt_trusted, run_id=manual__2025-05-08T11:55:40.867145+00:00, execution_date=20250508T115540, start_date=20250508T115552, end_date=20250508T115556
[2025-05-08T11:55:56.751+0000] {local_task_job_runner.py:266} INFO - Task exited with return code 0
[2025-05-08T11:55:56.763+0000] {taskinstance.py:3900} INFO - 0 downstream tasks scheduled from follow-on schedule check
[2025-05-08T11:55:56.765+0000] {local_task_job_runner.py:245} INFO - ::endgroup::
