[2025-05-08T11:55:42.512+0000] {local_task_job_runner.py:123} INFO - ::group::Pre task execution logs
[2025-05-08T11:55:42.526+0000] {taskinstance.py:2612} INFO - Dependencies all met for dep_context=non-requeueable deps ti=<TaskInstance: extract_raw_data_pipeline.extract_raw_data manual__2025-05-08T11:55:40.867145+00:00 [queued]>
[2025-05-08T11:55:42.534+0000] {taskinstance.py:2612} INFO - Dependencies all met for dep_context=requeueable deps ti=<TaskInstance: extract_raw_data_pipeline.extract_raw_data manual__2025-05-08T11:55:40.867145+00:00 [queued]>
[2025-05-08T11:55:42.534+0000] {taskinstance.py:2865} INFO - Starting attempt 1 of 1
[2025-05-08T11:55:42.548+0000] {taskinstance.py:2888} INFO - Executing <Task(PythonOperator): extract_raw_data> on 2025-05-08 11:55:40.867145+00:00
[2025-05-08T11:55:42.554+0000] {warnings.py:112} WARNING - /home/***/.local/lib/python3.12/site-packages/***/task/task_runner/standard_task_runner.py:70: DeprecationWarning: This process (pid=237) is multi-threaded, use of fork() may lead to deadlocks in the child.
  pid = os.fork()

[2025-05-08T11:55:42.555+0000] {standard_task_runner.py:72} INFO - Started process 253 to run task
[2025-05-08T11:55:42.558+0000] {standard_task_runner.py:104} INFO - Running: ['***', 'tasks', 'run', 'extract_raw_data_pipeline', 'extract_raw_data', 'manual__2025-05-08T11:55:40.867145+00:00', '--job-id', '7', '--raw', '--subdir', 'DAGS_FOLDER/driven_data_pipline.py', '--cfg-path', '/tmp/tmp8yisqjro']
[2025-05-08T11:55:42.559+0000] {standard_task_runner.py:105} INFO - Job 7: Subtask extract_raw_data
[2025-05-08T11:55:42.597+0000] {task_command.py:467} INFO - Running <TaskInstance: extract_raw_data_pipeline.extract_raw_data manual__2025-05-08T11:55:40.867145+00:00 [running]> on host 13d63978cb42
[2025-05-08T11:55:42.665+0000] {taskinstance.py:3131} INFO - Exporting env vars: AIRFLOW_CTX_DAG_OWNER='***' AIRFLOW_CTX_DAG_ID='extract_raw_data_pipeline' AIRFLOW_CTX_TASK_ID='extract_raw_data' AIRFLOW_CTX_EXECUTION_DATE='2025-05-08T11:55:40.867145+00:00' AIRFLOW_CTX_TRY_NUMBER='1' AIRFLOW_CTX_DAG_RUN_ID='manual__2025-05-08T11:55:40.867145+00:00'
[2025-05-08T11:55:42.666+0000] {taskinstance.py:731} INFO - ::endgroup::
[2025-05-08T11:55:42.677+0000] {driven_data_pipline.py:138} INFO - Started batch processing for 2025-05-08.
[2025-05-08T11:55:42.678+0000] {driven_data_pipline.py:33} INFO - Created synthetic data for RO country code.
[2025-05-08T11:55:42.792+0000] {driven_data_pipline.py:99} INFO - Written 250 records to the CSV file.
[2025-05-08T11:55:42.831+0000] {driven_data_pipline.py:111} INFO - Added UUID to the dataset.
[2025-05-08T11:55:42.833+0000] {driven_data_pipline.py:146} INFO - Finished batch processing 2025-05-08.
[2025-05-08T11:55:42.833+0000] {python.py:240} INFO - Done. Returned value was: None
[2025-05-08T11:55:42.843+0000] {taskinstance.py:340} INFO - ::group::Post task execution logs
[2025-05-08T11:55:42.843+0000] {taskinstance.py:352} INFO - Marking task as SUCCESS. dag_id=extract_raw_data_pipeline, task_id=extract_raw_data, run_id=manual__2025-05-08T11:55:40.867145+00:00, execution_date=20250508T115540, start_date=20250508T115542, end_date=20250508T115542
[2025-05-08T11:55:42.891+0000] {local_task_job_runner.py:266} INFO - Task exited with return code 0
[2025-05-08T11:55:42.911+0000] {taskinstance.py:3900} INFO - 1 downstream tasks scheduled from follow-on schedule check
[2025-05-08T11:55:42.922+0000] {local_task_job_runner.py:245} INFO - ::endgroup::
