[2025-04-11T16:48:09.549+0000] {local_task_job_runner.py:123} INFO - ::group::Pre task execution logs
[2025-04-11T16:48:09.564+0000] {taskinstance.py:2612} INFO - Dependencies all met for dep_context=non-requeueable deps ti=<TaskInstance: extract_raw_data_pipeline.extract_raw_data manual__2025-04-11T16:48:08.511129+00:00 [queued]>
[2025-04-11T16:48:09.572+0000] {taskinstance.py:2612} INFO - Dependencies all met for dep_context=requeueable deps ti=<TaskInstance: extract_raw_data_pipeline.extract_raw_data manual__2025-04-11T16:48:08.511129+00:00 [queued]>
[2025-04-11T16:48:09.573+0000] {taskinstance.py:2865} INFO - Starting attempt 1 of 1
[2025-04-11T16:48:09.587+0000] {taskinstance.py:2888} INFO - Executing <Task(PythonOperator): extract_raw_data> on 2025-04-11 16:48:08.511129+00:00
[2025-04-11T16:48:09.593+0000] {warnings.py:112} WARNING - /home/***/.local/lib/python3.12/site-packages/***/task/task_runner/standard_task_runner.py:70: DeprecationWarning: This process (pid=218) is multi-threaded, use of fork() may lead to deadlocks in the child.
  pid = os.fork()

[2025-04-11T16:48:09.595+0000] {standard_task_runner.py:72} INFO - Started process 222 to run task
[2025-04-11T16:48:09.595+0000] {standard_task_runner.py:104} INFO - Running: ['***', 'tasks', 'run', 'extract_raw_data_pipeline', 'extract_raw_data', 'manual__2025-04-11T16:48:08.511129+00:00', '--job-id', '10', '--raw', '--subdir', 'DAGS_FOLDER/driven_data_pipline.py', '--cfg-path', '/tmp/tmpaor98e0v']
[2025-04-11T16:48:09.596+0000] {standard_task_runner.py:105} INFO - Job 10: Subtask extract_raw_data
[2025-04-11T16:48:09.648+0000] {task_command.py:467} INFO - Running <TaskInstance: extract_raw_data_pipeline.extract_raw_data manual__2025-04-11T16:48:08.511129+00:00 [running]> on host 8f2eddc5ff43
[2025-04-11T16:48:09.734+0000] {taskinstance.py:3131} INFO - Exporting env vars: AIRFLOW_CTX_DAG_OWNER='***' AIRFLOW_CTX_DAG_ID='extract_raw_data_pipeline' AIRFLOW_CTX_TASK_ID='extract_raw_data' AIRFLOW_CTX_EXECUTION_DATE='2025-04-11T16:48:08.511129+00:00' AIRFLOW_CTX_TRY_NUMBER='1' AIRFLOW_CTX_DAG_RUN_ID='manual__2025-04-11T16:48:08.511129+00:00'
[2025-04-11T16:48:09.735+0000] {taskinstance.py:731} INFO - ::endgroup::
[2025-04-11T16:48:09.750+0000] {driven_data_pipline.py:148} INFO - Started batch processing for 2025-04-11.
[2025-04-11T16:48:09.751+0000] {driven_data_pipline.py:34} INFO - Created synthetic data for RO country code.
[2025-04-11T16:48:33.738+0000] {driven_data_pipline.py:100} INFO - Written 100372 records to the CSV file.
[2025-04-11T16:48:34.379+0000] {driven_data_pipline.py:121} INFO - Added UUID to the dataset.
[2025-04-11T16:48:34.382+0000] {driven_data_pipline.py:156} INFO - Finished batch processing 2025-04-11.
[2025-04-11T16:48:34.382+0000] {python.py:240} INFO - Done. Returned value was: None
[2025-04-11T16:48:34.392+0000] {taskinstance.py:340} INFO - ::group::Post task execution logs
[2025-04-11T16:48:34.393+0000] {taskinstance.py:352} INFO - Marking task as SUCCESS. dag_id=extract_raw_data_pipeline, task_id=extract_raw_data, run_id=manual__2025-04-11T16:48:08.511129+00:00, execution_date=20250411T164808, start_date=20250411T164809, end_date=20250411T164834
[2025-04-11T16:48:34.434+0000] {local_task_job_runner.py:266} INFO - Task exited with return code 0
[2025-04-11T16:48:34.453+0000] {taskinstance.py:3900} INFO - 1 downstream tasks scheduled from follow-on schedule check
[2025-04-11T16:48:34.455+0000] {local_task_job_runner.py:245} INFO - ::endgroup::
