[2025-05-08T11:53:04.262+0000] {local_task_job_runner.py:123} INFO - ::group::Pre task execution logs
[2025-05-08T11:53:04.284+0000] {taskinstance.py:2612} INFO - Dependencies all met for dep_context=non-requeueable deps ti=<TaskInstance: extract_raw_data_pipeline.extract_raw_data manual__2025-05-08T11:53:02.336352+00:00 [queued]>
[2025-05-08T11:53:04.298+0000] {taskinstance.py:2612} INFO - Dependencies all met for dep_context=requeueable deps ti=<TaskInstance: extract_raw_data_pipeline.extract_raw_data manual__2025-05-08T11:53:02.336352+00:00 [queued]>
[2025-05-08T11:53:04.300+0000] {taskinstance.py:2865} INFO - Starting attempt 1 of 1
[2025-05-08T11:53:04.315+0000] {taskinstance.py:2888} INFO - Executing <Task(PythonOperator): extract_raw_data> on 2025-05-08 11:53:02.336352+00:00
[2025-05-08T11:53:04.322+0000] {warnings.py:112} WARNING - /home/***/.local/lib/python3.12/site-packages/***/task/task_runner/standard_task_runner.py:70: DeprecationWarning: This process (pid=150) is multi-threaded, use of fork() may lead to deadlocks in the child.
  pid = os.fork()

[2025-05-08T11:53:04.325+0000] {standard_task_runner.py:72} INFO - Started process 182 to run task
[2025-05-08T11:53:04.327+0000] {standard_task_runner.py:104} INFO - Running: ['***', 'tasks', 'run', 'extract_raw_data_pipeline', 'extract_raw_data', 'manual__2025-05-08T11:53:02.336352+00:00', '--job-id', '3', '--raw', '--subdir', 'DAGS_FOLDER/driven_data_pipline.py', '--cfg-path', '/tmp/tmpyt7fcz8c']
[2025-05-08T11:53:04.329+0000] {standard_task_runner.py:105} INFO - Job 3: Subtask extract_raw_data
[2025-05-08T11:53:04.396+0000] {task_command.py:467} INFO - Running <TaskInstance: extract_raw_data_pipeline.extract_raw_data manual__2025-05-08T11:53:02.336352+00:00 [running]> on host 13d63978cb42
[2025-05-08T11:53:04.474+0000] {taskinstance.py:3131} INFO - Exporting env vars: AIRFLOW_CTX_DAG_OWNER='***' AIRFLOW_CTX_DAG_ID='extract_raw_data_pipeline' AIRFLOW_CTX_TASK_ID='extract_raw_data' AIRFLOW_CTX_EXECUTION_DATE='2025-05-08T11:53:02.336352+00:00' AIRFLOW_CTX_TRY_NUMBER='1' AIRFLOW_CTX_DAG_RUN_ID='manual__2025-05-08T11:53:02.336352+00:00'
[2025-05-08T11:53:04.475+0000] {taskinstance.py:731} INFO - ::endgroup::
[2025-05-08T11:53:04.518+0000] {driven_data_pipline.py:138} INFO - Started batch processing for 2025-05-08.
[2025-05-08T11:53:04.518+0000] {driven_data_pipline.py:33} INFO - Created synthetic data for RO country code.
[2025-05-08T11:53:04.585+0000] {driven_data_pipline.py:99} INFO - Written 32 records to the CSV file.
[2025-05-08T11:53:04.975+0000] {taskinstance.py:3310} ERROR - Task failed with exception
Traceback (most recent call last):
  File "/home/airflow/.local/lib/python3.12/site-packages/airflow/models/taskinstance.py", line 767, in _execute_task
    result = _execute_callable(context=context, **execute_callable_kwargs)
             ^^^^^^^^^^^^^^^^^^^^^^^^^^^^^^^^^^^^^^^^^^^^^^^^^^^^^^^^^^^^^
  File "/home/airflow/.local/lib/python3.12/site-packages/airflow/models/taskinstance.py", line 733, in _execute_callable
    return ExecutionCallableRunner(
           ^^^^^^^^^^^^^^^^^^^^^^^^
  File "/home/airflow/.local/lib/python3.12/site-packages/airflow/utils/operator_helpers.py", line 252, in run
    return self.func(*args, **kwargs)
           ^^^^^^^^^^^^^^^^^^^^^^^^^^
  File "/home/airflow/.local/lib/python3.12/site-packages/airflow/models/baseoperator.py", line 406, in wrapper
    return func(self, *args, **kwargs)
           ^^^^^^^^^^^^^^^^^^^^^^^^^^^
  File "/home/airflow/.local/lib/python3.12/site-packages/airflow/operators/python.py", line 238, in execute
    return_value = self.execute_callable()
                   ^^^^^^^^^^^^^^^^^^^^^^^
  File "/home/airflow/.local/lib/python3.12/site-packages/airflow/operators/python.py", line 256, in execute_callable
    return runner.run(*self.op_args, **self.op_kwargs)
           ^^^^^^^^^^^^^^^^^^^^^^^^^^^^^^^^^^^^^^^^^^^
  File "/home/airflow/.local/lib/python3.12/site-packages/airflow/utils/operator_helpers.py", line 252, in run
    return self.func(*args, **kwargs)
           ^^^^^^^^^^^^^^^^^^^^^^^^^^
  File "/opt/airflow/dags/driven_data_pipline.py", line 142, in save_raw_data
    _add_id()
  File "/opt/airflow/dags/driven_data_pipline.py", line 104, in _add_id
    con.execute("""
duckdb.duckdb.ConversionException: Conversion Error: CSV Error on Line: 100374
Original Line: person_name,user_name,email,personal_number,birth_date,address,phone,mac_address,ip_address,iban,accessed_at,session_duration,download_speed,upload_speed,consumed_traffic
Error when converting column "personal_number". Could not convert string "personal_number" to 'BIGINT'

Column personal_number is being converted as type BIGINT
This type was auto-detected from the CSV file.
Possible solutions:
* Override the type for this column manually by setting the type explicitly, e.g. types={'personal_number': 'VARCHAR'}
* Set the sample size to a larger value to enable the auto-detection to scan more values, e.g. sample_size=-1
* Use a COPY statement to automatically derive types from an existing table.

  file=/opt/***/data/raw_data.csv
  delimiter = , (Auto-Detected)
  quote = " (Auto-Detected)
  escape = " (Auto-Detected)
  new_line = \n (Auto-Detected)
  header = true (Set By User)
  skip_rows = 0 (Auto-Detected)
  date_format =  (Auto-Detected)
  timestamp_format =  (Auto-Detected)
  null_padding=0
  sample_size=20480
  ignore_errors=false
  all_varchar=0


[2025-05-08T11:53:04.992+0000] {taskinstance.py:1225} INFO - Marking task as FAILED. dag_id=extract_raw_data_pipeline, task_id=extract_raw_data, run_id=manual__2025-05-08T11:53:02.336352+00:00, execution_date=20250508T115302, start_date=20250508T115304, end_date=20250508T115304
[2025-05-08T11:53:05.011+0000] {taskinstance.py:340} INFO - ::group::Post task execution logs
[2025-05-08T11:53:05.012+0000] {standard_task_runner.py:124} ERROR - Failed to execute job 3 for task extract_raw_data (Conversion Error: CSV Error on Line: 100374
Original Line: person_name,user_name,email,personal_number,birth_date,address,phone,mac_address,ip_address,iban,accessed_at,session_duration,download_speed,upload_speed,consumed_traffic
Error when converting column "personal_number". Could not convert string "personal_number" to 'BIGINT'

Column personal_number is being converted as type BIGINT
This type was auto-detected from the CSV file.
Possible solutions:
* Override the type for this column manually by setting the type explicitly, e.g. types={'personal_number': 'VARCHAR'}
* Set the sample size to a larger value to enable the auto-detection to scan more values, e.g. sample_size=-1
* Use a COPY statement to automatically derive types from an existing table.

  file=/opt/***/data/raw_data.csv
  delimiter = , (Auto-Detected)
  quote = " (Auto-Detected)
  escape = " (Auto-Detected)
  new_line = \n (Auto-Detected)
  header = true (Set By User)
  skip_rows = 0 (Auto-Detected)
  date_format =  (Auto-Detected)
  timestamp_format =  (Auto-Detected)
  null_padding=0
  sample_size=20480
  ignore_errors=false
  all_varchar=0

; 182)
Traceback (most recent call last):
  File "/home/airflow/.local/lib/python3.12/site-packages/airflow/task/task_runner/standard_task_runner.py", line 117, in _start_by_fork
    ret = args.func(args, dag=self.dag)
          ^^^^^^^^^^^^^^^^^^^^^^^^^^^^^
  File "/home/airflow/.local/lib/python3.12/site-packages/airflow/cli/cli_config.py", line 49, in command
    return func(*args, **kwargs)
           ^^^^^^^^^^^^^^^^^^^^^
  File "/home/airflow/.local/lib/python3.12/site-packages/airflow/utils/cli.py", line 115, in wrapper
    return f(*args, **kwargs)
           ^^^^^^^^^^^^^^^^^^
  File "/home/airflow/.local/lib/python3.12/site-packages/airflow/cli/commands/task_command.py", line 483, in task_run
    task_return_code = _run_task_by_selected_method(args, _dag, ti)
                       ^^^^^^^^^^^^^^^^^^^^^^^^^^^^^^^^^^^^^^^^^^^^
  File "/home/airflow/.local/lib/python3.12/site-packages/airflow/cli/commands/task_command.py", line 256, in _run_task_by_selected_method
    return _run_raw_task(args, ti)
           ^^^^^^^^^^^^^^^^^^^^^^^
  File "/home/airflow/.local/lib/python3.12/site-packages/airflow/cli/commands/task_command.py", line 341, in _run_raw_task
    return ti._run_raw_task(
           ^^^^^^^^^^^^^^^^^
  File "/home/airflow/.local/lib/python3.12/site-packages/airflow/utils/session.py", line 97, in wrapper
    return func(*args, session=session, **kwargs)
           ^^^^^^^^^^^^^^^^^^^^^^^^^^^^^^^^^^^^^^
  File "/home/airflow/.local/lib/python3.12/site-packages/airflow/models/taskinstance.py", line 3004, in _run_raw_task
    return _run_raw_task(
           ^^^^^^^^^^^^^^
  File "/home/airflow/.local/lib/python3.12/site-packages/airflow/models/taskinstance.py", line 273, in _run_raw_task
    TaskInstance._execute_task_with_callbacks(
  File "/home/airflow/.local/lib/python3.12/site-packages/airflow/models/taskinstance.py", line 3158, in _execute_task_with_callbacks
    result = self._execute_task(context, task_orig)
             ^^^^^^^^^^^^^^^^^^^^^^^^^^^^^^^^^^^^^^
  File "/home/airflow/.local/lib/python3.12/site-packages/airflow/models/taskinstance.py", line 3182, in _execute_task
    return _execute_task(self, context, task_orig)
           ^^^^^^^^^^^^^^^^^^^^^^^^^^^^^^^^^^^^^^^
  File "/home/airflow/.local/lib/python3.12/site-packages/airflow/models/taskinstance.py", line 767, in _execute_task
    result = _execute_callable(context=context, **execute_callable_kwargs)
             ^^^^^^^^^^^^^^^^^^^^^^^^^^^^^^^^^^^^^^^^^^^^^^^^^^^^^^^^^^^^^
  File "/home/airflow/.local/lib/python3.12/site-packages/airflow/models/taskinstance.py", line 733, in _execute_callable
    return ExecutionCallableRunner(
           ^^^^^^^^^^^^^^^^^^^^^^^^
  File "/home/airflow/.local/lib/python3.12/site-packages/airflow/utils/operator_helpers.py", line 252, in run
    return self.func(*args, **kwargs)
           ^^^^^^^^^^^^^^^^^^^^^^^^^^
  File "/home/airflow/.local/lib/python3.12/site-packages/airflow/models/baseoperator.py", line 406, in wrapper
    return func(self, *args, **kwargs)
           ^^^^^^^^^^^^^^^^^^^^^^^^^^^
  File "/home/airflow/.local/lib/python3.12/site-packages/airflow/operators/python.py", line 238, in execute
    return_value = self.execute_callable()
                   ^^^^^^^^^^^^^^^^^^^^^^^
  File "/home/airflow/.local/lib/python3.12/site-packages/airflow/operators/python.py", line 256, in execute_callable
    return runner.run(*self.op_args, **self.op_kwargs)
           ^^^^^^^^^^^^^^^^^^^^^^^^^^^^^^^^^^^^^^^^^^^
  File "/home/airflow/.local/lib/python3.12/site-packages/airflow/utils/operator_helpers.py", line 252, in run
    return self.func(*args, **kwargs)
           ^^^^^^^^^^^^^^^^^^^^^^^^^^
  File "/opt/airflow/dags/driven_data_pipline.py", line 142, in save_raw_data
    _add_id()
  File "/opt/airflow/dags/driven_data_pipline.py", line 104, in _add_id
    con.execute("""
duckdb.duckdb.ConversionException: Conversion Error: CSV Error on Line: 100374
Original Line: person_name,user_name,email,personal_number,birth_date,address,phone,mac_address,ip_address,iban,accessed_at,session_duration,download_speed,upload_speed,consumed_traffic
Error when converting column "personal_number". Could not convert string "personal_number" to 'BIGINT'

Column personal_number is being converted as type BIGINT
This type was auto-detected from the CSV file.
Possible solutions:
* Override the type for this column manually by setting the type explicitly, e.g. types={'personal_number': 'VARCHAR'}
* Set the sample size to a larger value to enable the auto-detection to scan more values, e.g. sample_size=-1
* Use a COPY statement to automatically derive types from an existing table.

  file=/opt/***/data/raw_data.csv
  delimiter = , (Auto-Detected)
  quote = " (Auto-Detected)
  escape = " (Auto-Detected)
  new_line = \n (Auto-Detected)
  header = true (Set By User)
  skip_rows = 0 (Auto-Detected)
  date_format =  (Auto-Detected)
  timestamp_format =  (Auto-Detected)
  null_padding=0
  sample_size=20480
  ignore_errors=false
  all_varchar=0


[2025-05-08T11:53:05.070+0000] {local_task_job_runner.py:266} INFO - Task exited with return code 1
[2025-05-08T11:53:05.095+0000] {taskinstance.py:3900} INFO - 0 downstream tasks scheduled from follow-on schedule check
[2025-05-08T11:53:05.100+0000] {local_task_job_runner.py:245} INFO - ::endgroup::
