[2025-04-11T16:48:45.404+0000] {local_task_job_runner.py:123} INFO - ::group::Pre task execution logs
[2025-04-11T16:48:45.423+0000] {taskinstance.py:2612} INFO - Dependencies all met for dep_context=non-requeueable deps ti=<TaskInstance: extract_raw_data_pipeline.run_dbt_trusted manual__2025-04-11T16:48:08.511129+00:00 [queued]>
[2025-04-11T16:48:45.435+0000] {taskinstance.py:2612} INFO - Dependencies all met for dep_context=requeueable deps ti=<TaskInstance: extract_raw_data_pipeline.run_dbt_trusted manual__2025-04-11T16:48:08.511129+00:00 [queued]>
[2025-04-11T16:48:45.436+0000] {taskinstance.py:2865} INFO - Starting attempt 1 of 1
[2025-04-11T16:48:45.452+0000] {taskinstance.py:2888} INFO - Executing <Task(BashOperator): run_dbt_trusted> on 2025-04-11 16:48:08.511129+00:00
[2025-04-11T16:48:45.458+0000] {warnings.py:112} WARNING - /home/***/.local/lib/python3.12/site-packages/***/task/task_runner/standard_task_runner.py:70: DeprecationWarning: This process (pid=271) is multi-threaded, use of fork() may lead to deadlocks in the child.
  pid = os.fork()

[2025-04-11T16:48:45.459+0000] {standard_task_runner.py:72} INFO - Started process 273 to run task
[2025-04-11T16:48:45.460+0000] {standard_task_runner.py:104} INFO - Running: ['***', 'tasks', 'run', 'extract_raw_data_pipeline', 'run_dbt_trusted', 'manual__2025-04-11T16:48:08.511129+00:00', '--job-id', '14', '--raw', '--subdir', 'DAGS_FOLDER/driven_data_pipline.py', '--cfg-path', '/tmp/tmp8hk2mfri']
[2025-04-11T16:48:45.461+0000] {standard_task_runner.py:105} INFO - Job 14: Subtask run_dbt_trusted
[2025-04-11T16:48:45.501+0000] {task_command.py:467} INFO - Running <TaskInstance: extract_raw_data_pipeline.run_dbt_trusted manual__2025-04-11T16:48:08.511129+00:00 [running]> on host 8f2eddc5ff43
[2025-04-11T16:48:45.560+0000] {taskinstance.py:3131} INFO - Exporting env vars: AIRFLOW_CTX_DAG_OWNER='***' AIRFLOW_CTX_DAG_ID='extract_raw_data_pipeline' AIRFLOW_CTX_TASK_ID='run_dbt_trusted' AIRFLOW_CTX_EXECUTION_DATE='2025-04-11T16:48:08.511129+00:00' AIRFLOW_CTX_TRY_NUMBER='1' AIRFLOW_CTX_DAG_RUN_ID='manual__2025-04-11T16:48:08.511129+00:00'
[2025-04-11T16:48:45.561+0000] {taskinstance.py:731} INFO - ::endgroup::
[2025-04-11T16:48:45.572+0000] {subprocess.py:63} INFO - Tmp dir root location: /tmp
[2025-04-11T16:48:45.573+0000] {subprocess.py:75} INFO - Running command: ['/usr/bin/bash', '-c', 'set -x; cd /opt/***/dbt && dbt run --select tag:trusted']
[2025-04-11T16:48:45.582+0000] {subprocess.py:86} INFO - Output:
[2025-04-11T16:48:45.583+0000] {subprocess.py:93} INFO - + cd /opt/***/dbt
[2025-04-11T16:48:45.584+0000] {subprocess.py:93} INFO - + dbt run --select tag:trusted
[2025-04-11T16:48:47.348+0000] {subprocess.py:93} INFO - [0m16:48:47  Running with dbt=1.8.0
[2025-04-11T16:48:47.593+0000] {subprocess.py:93} INFO - [0m16:48:47  Registered adapter: postgres=1.8.2
[2025-04-11T16:48:47.963+0000] {subprocess.py:93} INFO - [0m16:48:47  Found 9 models, 10 sources, 428 macros
[2025-04-11T16:48:47.966+0000] {subprocess.py:93} INFO - [0m16:48:47
[2025-04-11T16:48:48.092+0000] {subprocess.py:93} INFO - [0m16:48:48  Concurrency: 1 threads (target='dev')
[2025-04-11T16:48:48.093+0000] {subprocess.py:93} INFO - [0m16:48:48
[2025-04-11T16:48:48.102+0000] {subprocess.py:93} INFO - [0m16:48:48  1 of 4 START sql table model driven_trusted.non_pii_data ....................... [RUN]
[2025-04-11T16:48:50.304+0000] {subprocess.py:93} INFO - [0m16:48:50  1 of 4 OK created sql table model driven_trusted.non_pii_data .................. [[32mSELECT 100372[0m in 2.20s]
[2025-04-11T16:48:50.307+0000] {subprocess.py:93} INFO - [0m16:48:50  2 of 4 START sql table model driven_trusted.payment_data ....................... [RUN]
[2025-04-11T16:48:50.794+0000] {subprocess.py:93} INFO - [0m16:48:50  2 of 4 OK created sql table model driven_trusted.payment_data .................. [[32mSELECT 100372[0m in 0.49s]
[2025-04-11T16:48:50.797+0000] {subprocess.py:93} INFO - [0m16:48:50  3 of 4 START sql table model driven_trusted.pii_data ........................... [RUN]
[2025-04-11T16:48:52.869+0000] {subprocess.py:93} INFO - [0m16:48:52  3 of 4 OK created sql table model driven_trusted.pii_data ...................... [[32mSELECT 100372[0m in 2.07s]
[2025-04-11T16:48:52.871+0000] {subprocess.py:93} INFO - [0m16:48:52  4 of 4 START sql table model driven_trusted.technical_data ..................... [RUN]
[2025-04-11T16:48:53.529+0000] {subprocess.py:93} INFO - [0m16:48:53  4 of 4 OK created sql table model driven_trusted.technical_data ................ [[32mSELECT 100372[0m in 0.66s]
[2025-04-11T16:48:53.544+0000] {subprocess.py:93} INFO - [0m16:48:53
[2025-04-11T16:48:53.544+0000] {subprocess.py:93} INFO - [0m16:48:53  Finished running 4 table models in 0 hours 0 minutes and 5.58 seconds (5.58s).
[2025-04-11T16:48:53.588+0000] {subprocess.py:93} INFO - [0m16:48:53
[2025-04-11T16:48:53.589+0000] {subprocess.py:93} INFO - [0m16:48:53  [32mCompleted successfully[0m
[2025-04-11T16:48:53.589+0000] {subprocess.py:93} INFO - [0m16:48:53
[2025-04-11T16:48:53.590+0000] {subprocess.py:93} INFO - [0m16:48:53  Done. PASS=4 WARN=0 ERROR=0 SKIP=0 TOTAL=4
[2025-04-11T16:48:54.455+0000] {subprocess.py:97} INFO - Command exited with return code 0
[2025-04-11T16:48:54.477+0000] {taskinstance.py:340} INFO - ::group::Post task execution logs
[2025-04-11T16:48:54.478+0000] {taskinstance.py:352} INFO - Marking task as SUCCESS. dag_id=extract_raw_data_pipeline, task_id=run_dbt_trusted, run_id=manual__2025-04-11T16:48:08.511129+00:00, execution_date=20250411T164808, start_date=20250411T164845, end_date=20250411T164854
[2025-04-11T16:48:54.509+0000] {local_task_job_runner.py:266} INFO - Task exited with return code 0
[2025-04-11T16:48:54.522+0000] {taskinstance.py:3900} INFO - 0 downstream tasks scheduled from follow-on schedule check
[2025-04-11T16:48:54.525+0000] {local_task_job_runner.py:245} INFO - ::endgroup::
