[2025-05-08T11:53:04.280+0000] {local_task_job_runner.py:123} INFO - ::group::Pre task execution logs
[2025-05-08T11:53:04.301+0000] {taskinstance.py:2612} INFO - Dependencies all met for dep_context=non-requeueable deps ti=<TaskInstance: extract_raw_data_pipeline.create_raw_schema scheduled__2025-05-08T07:58:00+00:00 [queued]>
[2025-05-08T11:53:04.311+0000] {taskinstance.py:2612} INFO - Dependencies all met for dep_context=requeueable deps ti=<TaskInstance: extract_raw_data_pipeline.create_raw_schema scheduled__2025-05-08T07:58:00+00:00 [queued]>
[2025-05-08T11:53:04.311+0000] {taskinstance.py:2865} INFO - Starting attempt 1 of 1
[2025-05-08T11:53:04.333+0000] {taskinstance.py:2888} INFO - Executing <Task(SQLExecuteQueryOperator): create_raw_schema> on 2025-05-08 07:58:00+00:00
[2025-05-08T11:53:04.344+0000] {standard_task_runner.py:104} INFO - Running: ['***', 'tasks', 'run', 'extract_raw_data_pipeline', 'create_raw_schema', 'scheduled__2025-05-08T07:58:00+00:00', '--job-id', '6', '--raw', '--subdir', 'DAGS_FOLDER/driven_data_pipline.py', '--cfg-path', '/tmp/tmpnsn55fdi']
[2025-05-08T11:53:04.342+0000] {warnings.py:112} WARNING - /home/***/.local/lib/python3.12/site-packages/***/task/task_runner/standard_task_runner.py:70: DeprecationWarning: This process (pid=151) is multi-threaded, use of fork() may lead to deadlocks in the child.
  pid = os.fork()

[2025-05-08T11:53:04.356+0000] {standard_task_runner.py:105} INFO - Job 6: Subtask create_raw_schema
[2025-05-08T11:53:04.357+0000] {standard_task_runner.py:72} INFO - Started process 186 to run task
[2025-05-08T11:53:04.419+0000] {task_command.py:467} INFO - Running <TaskInstance: extract_raw_data_pipeline.create_raw_schema scheduled__2025-05-08T07:58:00+00:00 [running]> on host 13d63978cb42
[2025-05-08T11:53:04.505+0000] {taskinstance.py:3131} INFO - Exporting env vars: AIRFLOW_CTX_DAG_OWNER='***' AIRFLOW_CTX_DAG_ID='extract_raw_data_pipeline' AIRFLOW_CTX_TASK_ID='create_raw_schema' AIRFLOW_CTX_EXECUTION_DATE='2025-05-08T07:58:00+00:00' AIRFLOW_CTX_TRY_NUMBER='1' AIRFLOW_CTX_DAG_RUN_ID='scheduled__2025-05-08T07:58:00+00:00'
[2025-05-08T11:53:04.506+0000] {taskinstance.py:731} INFO - ::endgroup::
[2025-05-08T11:53:04.520+0000] {sql.py:266} INFO - Executing: CREATE SCHEMA IF NOT EXISTS driven_raw;
[2025-05-08T11:53:04.532+0000] {base.py:84} INFO - Retrieving connection 'postgres_conn'
[2025-05-08T11:53:04.564+0000] {base.py:84} INFO - Retrieving connection 'postgres_conn'
[2025-05-08T11:53:04.570+0000] {sql.py:509} INFO - Running statement: CREATE SCHEMA IF NOT EXISTS driven_raw;, parameters: None
[2025-05-08T11:53:04.585+0000] {taskinstance.py:340} INFO - ::group::Post task execution logs
[2025-05-08T11:53:04.586+0000] {taskinstance.py:352} INFO - Marking task as SUCCESS. dag_id=extract_raw_data_pipeline, task_id=create_raw_schema, run_id=scheduled__2025-05-08T07:58:00+00:00, execution_date=20250508T075800, start_date=20250508T115304, end_date=20250508T115304
[2025-05-08T11:53:04.655+0000] {local_task_job_runner.py:266} INFO - Task exited with return code 0
[2025-05-08T11:53:04.670+0000] {local_task_job_runner.py:245} INFO - ::endgroup::
