[2025-05-08T11:55:43.748+0000] {local_task_job_runner.py:123} INFO - ::group::Pre task execution logs
[2025-05-08T11:55:43.764+0000] {taskinstance.py:2612} INFO - Dependencies all met for dep_context=non-requeueable deps ti=<TaskInstance: extract_raw_data_pipeline.create_raw_table manual__2025-05-08T11:55:40.867145+00:00 [queued]>
[2025-05-08T11:55:43.772+0000] {taskinstance.py:2612} INFO - Dependencies all met for dep_context=requeueable deps ti=<TaskInstance: extract_raw_data_pipeline.create_raw_table manual__2025-05-08T11:55:40.867145+00:00 [queued]>
[2025-05-08T11:55:43.773+0000] {taskinstance.py:2865} INFO - Starting attempt 1 of 1
[2025-05-08T11:55:43.804+0000] {taskinstance.py:2888} INFO - Executing <Task(SQLExecuteQueryOperator): create_raw_table> on 2025-05-08 11:55:40.867145+00:00
[2025-05-08T11:55:43.811+0000] {warnings.py:112} WARNING - /home/***/.local/lib/python3.12/site-packages/***/task/task_runner/standard_task_runner.py:70: DeprecationWarning: This process (pid=264) is multi-threaded, use of fork() may lead to deadlocks in the child.
  pid = os.fork()

[2025-05-08T11:55:43.814+0000] {standard_task_runner.py:72} INFO - Started process 272 to run task
[2025-05-08T11:55:43.814+0000] {standard_task_runner.py:104} INFO - Running: ['***', 'tasks', 'run', 'extract_raw_data_pipeline', 'create_raw_table', 'manual__2025-05-08T11:55:40.867145+00:00', '--job-id', '9', '--raw', '--subdir', 'DAGS_FOLDER/driven_data_pipline.py', '--cfg-path', '/tmp/tmputywlvr6']
[2025-05-08T11:55:43.815+0000] {standard_task_runner.py:105} INFO - Job 9: Subtask create_raw_table
[2025-05-08T11:55:43.873+0000] {task_command.py:467} INFO - Running <TaskInstance: extract_raw_data_pipeline.create_raw_table manual__2025-05-08T11:55:40.867145+00:00 [running]> on host 13d63978cb42
[2025-05-08T11:55:43.953+0000] {taskinstance.py:3131} INFO - Exporting env vars: AIRFLOW_CTX_DAG_OWNER='***' AIRFLOW_CTX_DAG_ID='extract_raw_data_pipeline' AIRFLOW_CTX_TASK_ID='create_raw_table' AIRFLOW_CTX_EXECUTION_DATE='2025-05-08T11:55:40.867145+00:00' AIRFLOW_CTX_TRY_NUMBER='1' AIRFLOW_CTX_DAG_RUN_ID='manual__2025-05-08T11:55:40.867145+00:00'
[2025-05-08T11:55:43.954+0000] {taskinstance.py:731} INFO - ::endgroup::
[2025-05-08T11:55:43.973+0000] {sql.py:266} INFO - Executing: 
        CREATE TABLE IF NOT EXISTS driven_raw.raw_batch_data (
            person_name VARCHAR(100),
            user_name VARCHAR(100),
            email VARCHAR(100),
            personal_number VARCHAR(100), 
            birth_date VARCHAR(100), 
            address VARCHAR(100),
            phone VARCHAR(100), 
            mac_address VARCHAR(100),
            ip_address VARCHAR(100),
            iban VARCHAR(100),
            accessed_at TIMESTAMP,
            session_duration INT,
            download_speed INT,
            upload_speed INT,
            consumed_traffic INT,
            unique_id VARCHAR(100)
        );
    
[2025-05-08T11:55:43.984+0000] {base.py:84} INFO - Retrieving connection 'postgres_conn'
[2025-05-08T11:55:43.993+0000] {base.py:84} INFO - Retrieving connection 'postgres_conn'
[2025-05-08T11:55:43.997+0000] {sql.py:509} INFO - Running statement: 
        CREATE TABLE IF NOT EXISTS driven_raw.raw_batch_data (
            person_name VARCHAR(100),
            user_name VARCHAR(100),
            email VARCHAR(100),
            personal_number VARCHAR(100), 
            birth_date VARCHAR(100), 
            address VARCHAR(100),
            phone VARCHAR(100), 
            mac_address VARCHAR(100),
            ip_address VARCHAR(100),
            iban VARCHAR(100),
            accessed_at TIMESTAMP,
            session_duration INT,
            download_speed INT,
            upload_speed INT,
            consumed_traffic INT,
            unique_id VARCHAR(100)
        );
    , parameters: None
[2025-05-08T11:55:44.013+0000] {taskinstance.py:340} INFO - ::group::Post task execution logs
[2025-05-08T11:55:44.014+0000] {taskinstance.py:352} INFO - Marking task as SUCCESS. dag_id=extract_raw_data_pipeline, task_id=create_raw_table, run_id=manual__2025-05-08T11:55:40.867145+00:00, execution_date=20250508T115540, start_date=20250508T115543, end_date=20250508T115544
[2025-05-08T11:55:44.070+0000] {local_task_job_runner.py:266} INFO - Task exited with return code 0
[2025-05-08T11:55:44.097+0000] {taskinstance.py:3900} INFO - 1 downstream tasks scheduled from follow-on schedule check
[2025-05-08T11:55:44.103+0000] {local_task_job_runner.py:245} INFO - ::endgroup::
