[2025-04-11T16:48:38.255+0000] {local_task_job_runner.py:123} INFO - ::group::Pre task execution logs
[2025-04-11T16:48:38.270+0000] {taskinstance.py:2612} INFO - Dependencies all met for dep_context=non-requeueable deps ti=<TaskInstance: extract_raw_data_pipeline.run_dbt_staging manual__2025-04-11T16:48:08.511129+00:00 [queued]>
[2025-04-11T16:48:38.277+0000] {taskinstance.py:2612} INFO - Dependencies all met for dep_context=requeueable deps ti=<TaskInstance: extract_raw_data_pipeline.run_dbt_staging manual__2025-04-11T16:48:08.511129+00:00 [queued]>
[2025-04-11T16:48:38.278+0000] {taskinstance.py:2865} INFO - Starting attempt 1 of 1
[2025-04-11T16:48:38.289+0000] {taskinstance.py:2888} INFO - Executing <Task(BashOperator): run_dbt_staging> on 2025-04-11 16:48:08.511129+00:00
[2025-04-11T16:48:38.295+0000] {warnings.py:112} WARNING - /home/***/.local/lib/python3.12/site-packages/***/task/task_runner/standard_task_runner.py:70: DeprecationWarning: This process (pid=249) is multi-threaded, use of fork() may lead to deadlocks in the child.
  pid = os.fork()

[2025-04-11T16:48:38.297+0000] {standard_task_runner.py:72} INFO - Started process 251 to run task
[2025-04-11T16:48:38.297+0000] {standard_task_runner.py:104} INFO - Running: ['***', 'tasks', 'run', 'extract_raw_data_pipeline', 'run_dbt_staging', 'manual__2025-04-11T16:48:08.511129+00:00', '--job-id', '13', '--raw', '--subdir', 'DAGS_FOLDER/driven_data_pipline.py', '--cfg-path', '/tmp/tmputoh7u1o']
[2025-04-11T16:48:38.298+0000] {standard_task_runner.py:105} INFO - Job 13: Subtask run_dbt_staging
[2025-04-11T16:48:38.338+0000] {task_command.py:467} INFO - Running <TaskInstance: extract_raw_data_pipeline.run_dbt_staging manual__2025-04-11T16:48:08.511129+00:00 [running]> on host 8f2eddc5ff43
[2025-04-11T16:48:38.397+0000] {taskinstance.py:3131} INFO - Exporting env vars: AIRFLOW_CTX_DAG_OWNER='***' AIRFLOW_CTX_DAG_ID='extract_raw_data_pipeline' AIRFLOW_CTX_TASK_ID='run_dbt_staging' AIRFLOW_CTX_EXECUTION_DATE='2025-04-11T16:48:08.511129+00:00' AIRFLOW_CTX_TRY_NUMBER='1' AIRFLOW_CTX_DAG_RUN_ID='manual__2025-04-11T16:48:08.511129+00:00'
[2025-04-11T16:48:38.398+0000] {taskinstance.py:731} INFO - ::endgroup::
[2025-04-11T16:48:38.409+0000] {subprocess.py:63} INFO - Tmp dir root location: /tmp
[2025-04-11T16:48:38.410+0000] {subprocess.py:75} INFO - Running command: ['/usr/bin/bash', '-c', 'set -x; cd /opt/***/dbt && dbt run --select tag:staging']
[2025-04-11T16:48:38.420+0000] {subprocess.py:86} INFO - Output:
[2025-04-11T16:48:38.421+0000] {subprocess.py:93} INFO - + cd /opt/***/dbt
[2025-04-11T16:48:38.421+0000] {subprocess.py:93} INFO - + dbt run --select tag:staging
[2025-04-11T16:48:40.435+0000] {subprocess.py:93} INFO - [0m16:48:40  Running with dbt=1.8.0
[2025-04-11T16:48:40.665+0000] {subprocess.py:93} INFO - [0m16:48:40  Registered adapter: postgres=1.8.2
[2025-04-11T16:48:40.751+0000] {subprocess.py:93} INFO - [0m16:48:40  Unable to do partial parsing because saved manifest not found. Starting full parse.
[2025-04-11T16:48:42.122+0000] {subprocess.py:93} INFO - [0m16:48:42  Found 9 models, 10 sources, 428 macros
[2025-04-11T16:48:42.125+0000] {subprocess.py:93} INFO - [0m16:48:42
[2025-04-11T16:48:42.253+0000] {subprocess.py:93} INFO - [0m16:48:42  Concurrency: 1 threads (target='dev')
[2025-04-11T16:48:42.254+0000] {subprocess.py:93} INFO - [0m16:48:42
[2025-04-11T16:48:42.264+0000] {subprocess.py:93} INFO - [0m16:48:42  1 of 5 START sql table model driven_staging.dim_address ........................ [RUN]
[2025-04-11T16:48:42.564+0000] {subprocess.py:93} INFO - [0m16:48:42  1 of 5 OK created sql table model driven_staging.dim_address ................... [[32mSELECT 100372[0m in 0.30s]
[2025-04-11T16:48:42.566+0000] {subprocess.py:93} INFO - [0m16:48:42  2 of 5 START sql table model driven_staging.dim_date ........................... [RUN]
[2025-04-11T16:48:42.690+0000] {subprocess.py:93} INFO - [0m16:48:42  2 of 5 OK created sql table model driven_staging.dim_date ...................... [[32mSELECT 100372[0m in 0.12s]
[2025-04-11T16:48:42.692+0000] {subprocess.py:93} INFO - [0m16:48:42  3 of 5 START sql table model driven_staging.dim_finance ........................ [RUN]
[2025-04-11T16:48:42.850+0000] {subprocess.py:93} INFO - [0m16:48:42  3 of 5 OK created sql table model driven_staging.dim_finance ................... [[32mSELECT 100372[0m in 0.16s]
[2025-04-11T16:48:42.852+0000] {subprocess.py:93} INFO - [0m16:48:42  4 of 5 START sql table model driven_staging.dim_person ......................... [RUN]
[2025-04-11T16:48:43.040+0000] {subprocess.py:93} INFO - [0m16:48:43  4 of 5 OK created sql table model driven_staging.dim_person .................... [[32mSELECT 100372[0m in 0.19s]
[2025-04-11T16:48:43.042+0000] {subprocess.py:93} INFO - [0m16:48:43  5 of 5 START sql table model driven_staging.fact_network_usage ................. [RUN]
[2025-04-11T16:48:43.181+0000] {subprocess.py:93} INFO - [0m16:48:43  5 of 5 OK created sql table model driven_staging.fact_network_usage ............ [[32mSELECT 100372[0m in 0.14s]
[2025-04-11T16:48:43.193+0000] {subprocess.py:93} INFO - [0m16:48:43
[2025-04-11T16:48:43.193+0000] {subprocess.py:93} INFO - [0m16:48:43  Finished running 5 table models in 0 hours 0 minutes and 1.07 seconds (1.07s).
[2025-04-11T16:48:43.239+0000] {subprocess.py:93} INFO - [0m16:48:43
[2025-04-11T16:48:43.239+0000] {subprocess.py:93} INFO - [0m16:48:43  [32mCompleted successfully[0m
[2025-04-11T16:48:43.240+0000] {subprocess.py:93} INFO - [0m16:48:43
[2025-04-11T16:48:43.241+0000] {subprocess.py:93} INFO - [0m16:48:43  Done. PASS=5 WARN=0 ERROR=0 SKIP=0 TOTAL=5
[2025-04-11T16:48:44.154+0000] {subprocess.py:97} INFO - Command exited with return code 0
[2025-04-11T16:48:44.177+0000] {taskinstance.py:340} INFO - ::group::Post task execution logs
[2025-04-11T16:48:44.178+0000] {taskinstance.py:352} INFO - Marking task as SUCCESS. dag_id=extract_raw_data_pipeline, task_id=run_dbt_staging, run_id=manual__2025-04-11T16:48:08.511129+00:00, execution_date=20250411T164808, start_date=20250411T164838, end_date=20250411T164844
[2025-04-11T16:48:44.217+0000] {local_task_job_runner.py:266} INFO - Task exited with return code 0
[2025-04-11T16:48:44.233+0000] {taskinstance.py:3900} INFO - 1 downstream tasks scheduled from follow-on schedule check
[2025-04-11T16:48:44.235+0000] {local_task_job_runner.py:245} INFO - ::endgroup::
